// Jest Snapshot v1, https://goo.gl/fbAQLP

exports[`ShellSidenavComponent should create 1`] = `
<app-shell-sidenav
  closeSidenav$={[Function Source]}
  route={[Function Object]}
  shellSidenavStore={[Function ShellSidenvStoreService]}
  sidenavMode$={[Function Observable]}
  sidenavOpened$={[Function Observable]}
  toggleSidenav$={[Function Source]}
>
  <app-header>
    <mat-toolbar
      class="mat-toolbar mat-toolbar-single-row"
    >
      <button
        aria-label="icon-button with menu icon"
        class="mdc-icon-button mat-mdc-icon-button mat-unthemed mat-mdc-button-base"
        mat-icon-button=""
        mat-ripple-loader-centered=""
        mat-ripple-loader-class-name="mat-mdc-button-ripple"
        mat-ripple-loader-uninitialized=""
      >
        <span
          class="mat-mdc-button-persistent-ripple mdc-icon-button__ripple"
        />
        <mat-icon
          aria-hidden="true"
          class="mat-icon notranslate material-icons mat-ligature-font mat-icon-no-color"
          data-mat-icon-type="font"
          role="img"
        >
          menu
        </mat-icon>
        <span
          class="mat-focus-indicator"
        />
        <span
          class="mat-mdc-button-touch-target"
        />
      </button>
      <span>
        Less is More
      </span>
      <span
        class="flex-auto"
      />
      <a
        aria-label="GitHub Repository"
        class="mx-2 mdc-icon-button mat-mdc-icon-button mat-unthemed mat-mdc-button-base"
        href="https://github.com/TopGITsan"
        mat-icon-button=""
        mat-ripple-loader-class-name="mat-mdc-button-ripple"
        mat-ripple-loader-uninitialized=""
        target="_blank"
        title="https://github.com/TopGITsan"
      >
        <span
          class="mat-mdc-button-persistent-ripple mdc-icon-button__ripple"
        />
        <svg
          aria-hidden="true"
          class="w-6 h-6"
          viewBox="0 0 20 20"
        >
          <path
            d="M10 0C4.477 0 0 4.477 0 10c0 4.42 2.87 8.17 6.84 9.5.5.08.66-.23.66-.5v-1.69c-2.77.6-3.36-1.34-3.36-1.34-.46-1.16-1.11-1.47-1.11-1.47-.91-.62.07-.6.07-.6 1 .07 1.53 1.03 1.53 1.03.87 1.52 2.34 1.07 2.91.83.09-.65.35-1.09.63-1.34-2.22-.25-4.55-1.11-4.55-4.92 0-1.11.38-2 1.03-2.71-.1-.25-.45-1.29.1-2.64 0 0 .84-.27 2.75 1.02.79-.22 1.65-.33 2.5-.33.85 0 1.71.11 2.5.33 1.91-1.29 2.75-1.02 2.75-1.02.55 1.35.2 2.39.1 2.64.65.71 1.03 1.6 1.03 2.71 0 3.82-2.34 4.66-4.57 4.91.36.31.69.92.69 1.85V19c0 .27.16.59.67.5C17.14 18.16 20 14.42 20 10A10 10 0 0 0 10 0z"
            fill="currentColor"
            fill-rule="evenodd"
          />
        </svg>
        <span
          class="mat-focus-indicator"
        />
        <span
          class="mat-mdc-button-touch-target"
        />
      </a>
      <app-theme-icon-button>
        <button
          class="mx-2 mdc-icon-button mat-mdc-icon-button"
          mat-icon-button=""
          mat-ripple-loader-centered=""
          mat-ripple-loader-class-name="mat-mdc-button-ripple"
          mat-ripple-loader-uninitialized=""
        >
          <span
            class="mat-mdc-button-persistent-ripple mdc-icon-button__ripple"
          />
          <mat-icon
            aria-hidden="true"
            class="mat-icon notranslate"
            role="img"
          >
          </mat-icon>
          <span
            class="mat-focus-indicator"
          />
          <span
            class="mat-mdc-button-touch-target"
          />
        </button>
      </app-theme-icon-button>
      <app-lang-menu-button>
        <button
          aria-label="Language icon-button with a menu"
          class="mat-mdc-menu-trigger mdc-button mat-mdc-button"
          mat-button=""
          mat-ripple-loader-class-name="mat-mdc-button-ripple"
          mat-ripple-loader-uninitialized=""
        >
          <span
            class="mat-mdc-button-persistent-ripple"
          />
          <mat-icon
            aria-hidden="true"
            class="mat-icon notranslate"
            role="img"
          >
            arrow_drop_down
          </mat-icon>
          <span
            class="mdc-button__label"
          >
          </span>
          <span
            class="mat-focus-indicator"
          />
          <span
            class="mat-mdc-button-touch-target"
          />
        </button>
        <mat-menu>
        </mat-menu>
      </app-lang-menu-button>
    </mat-toolbar>
  </app-header><mat-sidenav-container
    class="mat-drawer-container mat-sidenav-container grow"
  >
    <div
      aria-hidden="true"
      class="cdk-visually-hidden cdk-focus-trap-anchor"
    />
    <mat-sidenav
      class="mat-drawer mat-sidenav p-8 mat-drawer-side mat-drawer-opened"
      tabindex="-1"
    >
      <div
        cdkscrollable=""
        class="mat-drawer-inner-container"
      >
        <p
          class="m-2"
        >
          <a
            href="/"
          >
             home 
          </a>
        </p>
        <p
          class="m-2"
        >
          <a
            href="/"
          >
             about 
          </a>
        </p>
      </div>
    </mat-sidenav>
    <div
      aria-hidden="true"
      class="cdk-visually-hidden cdk-focus-trap-anchor"
    />
    <mat-sidenav-content
      class="mat-drawer-content mat-sidenav-content"
    >
      <router-outlet />
    </mat-sidenav-content>
  </mat-sidenav-container>
</app-shell-sidenav>
`;
