// Jest Snapshot v1, https://goo.gl/fbAQLP

exports[`HomeComponent should create 1`] = `
<app-welcome
  lang$={[Function Observable]}
>
  <h1
    class="text-clamp3 block-transparente-clip-text font-vibes"
  >
     Hello! 
  </h1>
</app-welcome>
`;
